  Project 9, Bank System OOP.cpp
C:\Users\PC\Programming basics C++\My Project\Project 9, Bank System OOP\Project 9, Bank System OOP\clsString.h(43,19): warning C4267: 'return': conversion from 'size_t' to 'short', possible loss of data
  (compiling source file 'Project%209,%20Bank%20System%20OOP.cpp')
  
C:\Users\PC\Programming basics C++\My Project\Project 9, Bank System OOP\Project 9, Bank System OOP\clsString.h(49,23): warning C4267: 'return': conversion from 'size_t' to 'short', possible loss of data
  (compiling source file 'Project%209,%20Bank%20System%20OOP.cpp')
  
C:\Users\PC\Programming basics C++\My Project\Project 9, Bank System OOP\Project 9, Bank System OOP\clsString.h(57,13): warning C4267: 'initializing': conversion from 'size_t' to 'short', possible loss of data
  (compiling source file 'Project%209,%20Bank%20System%20OOP.cpp')
  
C:\Users\PC\Programming basics C++\My Project\Project 9, Bank System OOP\Project 9, Bank System OOP\clsString.h(70,17): warning C4267: '=': conversion from 'size_t' to 'short', possible loss of data
  (compiling source file 'Project%209,%20Bank%20System%20OOP.cpp')
  
C:\Users\PC\Programming basics C++\My Project\Project 9, Bank System OOP\Project 9, Bank System OOP\clsString.h(393,13): warning C4267: 'initializing': conversion from 'size_t' to 'short', possible loss of data
  (compiling source file 'Project%209,%20Bank%20System%20OOP.cpp')
  
C:\Users\PC\Programming basics C++\My Project\Project 9, Bank System OOP\Project 9, Bank System OOP\clsString.h(405,17): warning C4267: '=': conversion from 'size_t' to 'short', possible loss of data
  (compiling source file 'Project%209,%20Bank%20System%20OOP.cpp')
  
C:\Users\PC\Programming basics C++\My Project\Project 9, Bank System OOP\Project 9, Bank System OOP\clsString.h(451,14): warning C4267: 'initializing': conversion from 'size_t' to 'int', possible loss of data
  (compiling source file 'Project%209,%20Bank%20System%20OOP.cpp')
  
C:\Users\PC\Programming basics C++\My Project\Project 9, Bank System OOP\Project 9, Bank System OOP\clsString.h(517,14): warning C4267: 'initializing': conversion from 'size_t' to 'int', possible loss of data
  (compiling source file 'Project%209,%20Bank%20System%20OOP.cpp')
  
C:\Users\PC\Programming basics C++\My Project\Project 9, Bank System OOP\Project 9, Bank System OOP\clsString.h(570,13): warning C4267: 'initializing': conversion from 'size_t' to 'short', possible loss of data
  (compiling source file 'Project%209,%20Bank%20System%20OOP.cpp')
  
C:\Users\PC\Programming basics C++\My Project\Project 9, Bank System OOP\Project 9, Bank System OOP\clsString.h(576,17): warning C4267: '=': conversion from 'size_t' to 'short', possible loss of data
  (compiling source file 'Project%209,%20Bank%20System%20OOP.cpp')
  
C:\Users\PC\Programming basics C++\My Project\Project 9, Bank System OOP\Project 9, Bank System OOP\clsUtil.h(106,7): warning C4244: '=': conversion from 'double' to 'float', possible loss of data
  (compiling source file 'Project%209,%20Bank%20System%20OOP.cpp')
  
C:\Users\PC\Programming basics C++\My Project\Project 9, Bank System OOP\Project 9, Bank System OOP\clsUser.h(196,9): warning C4240: nonstandard extension used: access to 'clsUser::stLoginRegisterRecord' now defined to be 'public', previously it was defined to be 'private'
  (compiling source file 'Project%209,%20Bank%20System%20OOP.cpp')
      C:\Users\PC\Programming basics C++\My Project\Project 9, Bank System OOP\Project 9, Bank System OOP\clsUser.h(28,9):
      see declaration of 'clsUser::stLoginRegisterRecord'
  
C:\Users\PC\Programming basics C++\My Project\Project 9, Bank System OOP\Project 9, Bank System OOP\clsBankClient.h(214,9): warning C4240: nonstandard extension used: access to 'clsBankClient::stTransferLogRecord' now defined to be 'public', previously it was defined to be 'private'
  (compiling source file 'Project%209,%20Bank%20System%20OOP.cpp')
      C:\Users\PC\Programming basics C++\My Project\Project 9, Bank System OOP\Project 9, Bank System OOP\clsBankClient.h(193,9):
      see declaration of 'clsBankClient::stTransferLogRecord'
  
C:\Users\PC\Programming basics C++\My Project\Project 9, Bank System OOP\Project 9, Bank System OOP\clsTotalBalancesScreen.h(61,68): warning C4244: 'argument': conversion from 'double' to 'int', possible loss of data
  (compiling source file 'Project%209,%20Bank%20System%20OOP.cpp')
  
C:\Users\PC\Programming basics C++\My Project\Project 9, Bank System OOP\Project 9, Bank System OOP\clsCurrency.h(27,88): warning C4244: 'argument': conversion from 'double' to 'float', possible loss of data
  (compiling source file 'Project%209,%20Bank%20System%20OOP.cpp')
  
C:\Users\PC\Programming basics C++\My Project\Project 9, Bank System OOP\Project 9, Bank System OOP\clsBankClient.h(384,1): warning C4715: 'clsBankClient::save': not all control paths return a value
C:\Users\PC\Programming basics C++\My Project\Project 9, Bank System OOP\Project 9, Bank System OOP\clsUser.h(372,1): warning C4715: 'clsUser::save': not all control paths return a value
C:\Users\PC\Programming basics C++\My Project\Project 9, Bank System OOP\Project 9, Bank System OOP\clsBankClient.h(458,1): warning C4715: 'clsBankClient::withdraw': not all control paths return a value
  Project 9, Bank System OOP.vcxproj -> C:\Users\PC\Programming basics C++\My Project\Project 9, Bank System OOP\x64\Debug\Project 9, Bank System OOP.exe
